=== test5 gpu hybrid (fork dll) ===
D:\Repo\video_ocr_engine\video_ocr_engine\extractor.py:552: UserWarning: hybrid decoding contexts (decord.hybrid / decord.hybrid_gpu) are EXPERIMENTAL: scheduling, performance and memory bounds may change between releases without notice. Prefer decord.gpu() (NVDEC) or decord.cpu() for production use.
  return VideoReader(str(self._video_path), ctx=ctx, output_format=fmt, **nt_kw, **roi_kw)
视频=D:/Videos/racelog_test/test5.mp4 ROI=(843, 993, 948, 1025) frames=3000 backends=['hybrid'] runs=2 envs={'GPU_PIPELINE': '1'}
  [hybrid] run1: 2.302s segs=1083 meta={'backend': 'decord/hybrid', 'ocr_backend': 'tensorrt', 'codec': 'h264', 'n_segments': 1083, 'engine_version': '0.11.0', 'color_range': 0, 'rep_crop_format': 'yuv', 'degraded_reason': None, 'params': {'roi': (843, 993, 948, 1025), 'frame_start': 0, 'frame_end': 3000, 'decode_backend': 'hybrid', 'ocr_backend': 'auto', 'sample_stride': 1, 'fill_width': 224, 'force_aspect': 0.0, 'rep_crop_format': 'yuv', 'keep_crops': True, 'keep_frames': True, 'merge_similar': True, 'merge_similar_threshold': 3.0, 'merge_text_sep': 'binary', 'buffer_size': 128, 'C': 5.0}} timing={'decode': 1.441, 'ocr_tail': 0.158, 'ocr': 1.992}
  [hybrid] run2: 1.786s segs=1083 meta={'backend': 'decord/hybrid', 'ocr_backend': 'tensorrt', 'codec': 'h264', 'n_segments': 1083, 'engine_version': '0.11.0', 'color_range': 0, 'rep_crop_format': 'yuv', 'degraded_reason': None, 'params': {'roi': (843, 993, 948, 1025), 'frame_start': 0, 'frame_end': 3000, 'decode_backend': 'hybrid', 'ocr_backend': 'auto', 'sample_stride': 1, 'fill_width': 224, 'force_aspect': 0.0, 'rep_crop_format': 'yuv', 'keep_crops': True, 'keep_frames': True, 'merge_similar': True, 'merge_similar_threshold': 3.0, 'merge_text_sep': 'binary', 'buffer_size': 128, 'C': 5.0}} timing={'decode': 1.511, 'ocr_tail': 0.068, 'ocr': 1.665}
  [hybrid] 中位墙钟=2.044s min=1.786s segs=[1083, 1083] 唯一文本=265
=== test5 host hybrid (fork dll) ===
D:\Repo\video_ocr_engine\video_ocr_engine\extractor.py:552: UserWarning: hybrid decoding contexts (decord.hybrid / decord.hybrid_gpu) are EXPERIMENTAL: scheduling, performance and memory bounds may change between releases without notice. Prefer decord.gpu() (NVDEC) or decord.cpu() for production use.
  return VideoReader(str(self._video_path), ctx=ctx, output_format=fmt, **nt_kw, **roi_kw)
视频=D:/Videos/racelog_test/test5.mp4 ROI=(843, 993, 948, 1025) frames=3000 backends=['hybrid'] runs=2 envs={'GPU_PIPELINE': '0'}
  [hybrid] run1: 2.382s segs=1042 meta={'backend': 'decord/hybrid', 'ocr_backend': 'tensorrt', 'codec': 'h264', 'n_segments': 1042, 'engine_version': '0.11.0', 'color_range': 0, 'rep_crop_format': 'yuv', 'degraded_reason': None, 'params': {'roi': (843, 993, 948, 1025), 'frame_start': 0, 'frame_end': 3000, 'decode_backend': 'hybrid', 'ocr_backend': 'auto', 'sample_stride': 1, 'fill_width': 224, 'force_aspect': 0.0, 'rep_crop_format': 'yuv', 'keep_crops': True, 'keep_frames': True, 'merge_similar': True, 'merge_similar_threshold': 3.0, 'merge_text_sep': 'binary', 'buffer_size': 128, 'C': 5.0}} timing={'decode': 2.011, 'ocr_tail': 0.059, 'ocr': 2.169}
  [hybrid] run2: 1.717s segs=1042 meta={'backend': 'decord/hybrid', 'ocr_backend': 'tensorrt', 'codec': 'h264', 'n_segments': 1042, 'engine_version': '0.11.0', 'color_range': 0, 'rep_crop_format': 'yuv', 'degraded_reason': None, 'params': {'roi': (843, 993, 948, 1025), 'frame_start': 0, 'frame_end': 3000, 'decode_backend': 'hybrid', 'ocr_backend': 'auto', 'sample_stride': 1, 'fill_width': 224, 'force_aspect': 0.0, 'rep_crop_format': 'yuv', 'keep_crops': True, 'keep_frames': True, 'merge_similar': True, 'merge_similar_threshold': 3.0, 'merge_text_sep': 'binary', 'buffer_size': 128, 'C': 5.0}} timing={'decode': 1.449, 'ocr_tail': 0.068, 'ocr': 1.607}
  [hybrid] 中位墙钟=2.049s min=1.717s segs=[1042, 1042] 唯一文本=263
=== test5 gpu nvdec (fork dll) ===
视频=D:/Videos/racelog_test/test5.mp4 ROI=(843, 993, 948, 1025) frames=3000 backends=['nvdec'] runs=2 envs={'GPU_PIPELINE': '1'}
  [nvdec] run1: 3.657s segs=1083 meta={'backend': 'decord/GPU', 'ocr_backend': 'tensorrt', 'codec': 'h264', 'n_segments': 1083, 'engine_version': '0.11.0', 'color_range': 0, 'rep_crop_format': 'yuv', 'degraded_reason': None, 'params': {'roi': (843, 993, 948, 1025), 'frame_start': 0, 'frame_end': 3000, 'decode_backend': 'nvdec', 'ocr_backend': 'auto', 'sample_stride': 1, 'fill_width': 224, 'force_aspect': 0.0, 'rep_crop_format': 'yuv', 'keep_crops': True, 'keep_frames': True, 'merge_similar': True, 'merge_similar_threshold': 3.0, 'merge_text_sep': 'binary', 'buffer_size': 128, 'C': 5.0}} timing={'decode': 3.006, 'ocr_tail': 0.037, 'ocr': 3.451}
  [nvdec] run2: 3.121s segs=1083 meta={'backend': 'decord/GPU', 'ocr_backend': 'tensorrt', 'codec': 'h264', 'n_segments': 1083, 'engine_version': '0.11.0', 'color_range': 0, 'rep_crop_format': 'yuv', 'degraded_reason': None, 'params': {'roi': (843, 993, 948, 1025), 'frame_start': 0, 'frame_end': 3000, 'decode_backend': 'nvdec', 'ocr_backend': 'auto', 'sample_stride': 1, 'fill_width': 224, 'force_aspect': 0.0, 'rep_crop_format': 'yuv', 'keep_crops': True, 'keep_frames': True, 'merge_similar': True, 'merge_similar_threshold': 3.0, 'merge_text_sep': 'binary', 'buffer_size': 128, 'C': 5.0}} timing={'decode': 2.965, 'ocr_tail': 0.035, 'ocr': 3.081}
  [nvdec] 中位墙钟=3.389s min=3.121s segs=[1083, 1083] 唯一文本=265
=== test5 host nvdec (fork dll) ===
视频=D:/Videos/racelog_test/test5.mp4 ROI=(843, 993, 948, 1025) frames=3000 backends=['nvdec'] runs=2 envs={'GPU_PIPELINE': '0'}
  [nvdec] run1: 3.252s segs=1042 meta={'backend': 'decord/GPU', 'ocr_backend': 'tensorrt', 'codec': 'h264', 'n_segments': 1042, 'engine_version': '0.11.0', 'color_range': 0, 'rep_crop_format': 'yuv', 'degraded_reason': None, 'params': {'roi': (843, 993, 948, 1025), 'frame_start': 0, 'frame_end': 3000, 'decode_backend': 'nvdec', 'ocr_backend': 'auto', 'sample_stride': 1, 'fill_width': 224, 'force_aspect': 0.0, 'rep_crop_format': 'yuv', 'keep_crops': True, 'keep_frames': True, 'merge_similar': True, 'merge_similar_threshold': 3.0, 'merge_text_sep': 'binary', 'buffer_size': 128, 'C': 5.0}} timing={'decode': 3.006, 'ocr_tail': 0.026, 'ocr': 3.132}
  [nvdec] run2: 3.122s segs=1042 meta={'backend': 'decord/GPU', 'ocr_backend': 'tensorrt', 'codec': 'h264', 'n_segments': 1042, 'engine_version': '0.11.0', 'color_range': 0, 'rep_crop_format': 'yuv', 'degraded_reason': None, 'params': {'roi': (843, 993, 948, 1025), 'frame_start': 0, 'frame_end': 3000, 'decode_backend': 'nvdec', 'ocr_backend': 'auto', 'sample_stride': 1, 'fill_width': 224, 'force_aspect': 0.0, 'rep_crop_format': 'yuv', 'keep_crops': True, 'keep_frames': True, 'merge_similar': True, 'merge_similar_threshold': 3.0, 'merge_text_sep': 'binary', 'buffer_size': 128, 'C': 5.0}} timing={'decode': 2.964, 'ocr_tail': 0.037, 'ocr': 3.085}
  [nvdec] 中位墙钟=3.187s min=3.122s segs=[1042, 1042] 唯一文本=263
=== test gpu hybrid (fork dll) ===
D:\Repo\video_ocr_engine\video_ocr_engine\extractor.py:552: UserWarning: hybrid decoding contexts (decord.hybrid / decord.hybrid_gpu) are EXPERIMENTAL: scheduling, performance and memory bounds may change between releases without notice. Prefer decord.gpu() (NVDEC) or decord.cpu() for production use.
  return VideoReader(str(self._video_path), ctx=ctx, output_format=fmt, **nt_kw, **roi_kw)
视频=D:/Videos/racelog_test/test.mp4 ROI=(841, 994, 949, 1026) frames=3000 backends=['hybrid'] runs=2 envs={'GPU_PIPELINE': '1'}
  [hybrid] run1: 2.829s segs=906 meta={'backend': 'decord/hybrid', 'ocr_backend': 'tensorrt', 'codec': 'hevc', 'n_segments': 906, 'engine_version': '0.11.0', 'color_range': 0, 'rep_crop_format': 'yuv', 'degraded_reason': None, 'params': {'roi': (841, 994, 949, 1026), 'frame_start': 0, 'frame_end': 3000, 'decode_backend': 'hybrid', 'ocr_backend': 'auto', 'sample_stride': 1, 'fill_width': 224, 'force_aspect': 0.0, 'rep_crop_format': 'yuv', 'keep_crops': True, 'keep_frames': True, 'merge_similar': True, 'merge_similar_threshold': 3.0, 'merge_text_sep': 'binary', 'buffer_size': 128, 'C': 5.0}} timing={'decode': 2.164, 'ocr_tail': 0.049, 'ocr': 2.604}
  [hybrid] run2: 1.943s segs=906 meta={'backend': 'decord/hybrid', 'ocr_backend': 'tensorrt', 'codec': 'hevc', 'n_segments': 906, 'engine_version': '0.11.0', 'color_range': 0, 'rep_crop_format': 'yuv', 'degraded_reason': None, 'params': {'roi': (841, 994, 949, 1026), 'frame_start': 0, 'frame_end': 3000, 'decode_backend': 'hybrid', 'ocr_backend': 'auto', 'sample_stride': 1, 'fill_width': 224, 'force_aspect': 0.0, 'rep_crop_format': 'yuv', 'keep_crops': True, 'keep_frames': True, 'merge_similar': True, 'merge_similar_threshold': 3.0, 'merge_text_sep': 'binary', 'buffer_size': 128, 'C': 5.0}} timing={'decode': 1.663, 'ocr_tail': 0.122, 'ocr': 1.829}
  [hybrid] 中位墙钟=2.386s min=1.943s segs=[906, 906] 唯一文本=371
=== test host hybrid (fork dll) ===
D:\Repo\video_ocr_engine\video_ocr_engine\extractor.py:552: UserWarning: hybrid decoding contexts (decord.hybrid / decord.hybrid_gpu) are EXPERIMENTAL: scheduling, performance and memory bounds may change between releases without notice. Prefer decord.gpu() (NVDEC) or decord.cpu() for production use.
  return VideoReader(str(self._video_path), ctx=ctx, output_format=fmt, **nt_kw, **roi_kw)
视频=D:/Videos/racelog_test/test.mp4 ROI=(841, 994, 949, 1026) frames=3000 backends=['hybrid'] runs=2 envs={'GPU_PIPELINE': '0'}
  [hybrid] run1: 2.652s segs=860 meta={'backend': 'decord/hybrid', 'ocr_backend': 'tensorrt', 'codec': 'hevc', 'n_segments': 860, 'engine_version': '0.11.0', 'color_range': 0, 'rep_crop_format': 'yuv', 'degraded_reason': None, 'params': {'roi': (841, 994, 949, 1026), 'frame_start': 0, 'frame_end': 3000, 'decode_backend': 'hybrid', 'ocr_backend': 'auto', 'sample_stride': 1, 'fill_width': 224, 'force_aspect': 0.0, 'rep_crop_format': 'yuv', 'keep_crops': True, 'keep_frames': True, 'merge_similar': True, 'merge_similar_threshold': 3.0, 'merge_text_sep': 'binary', 'buffer_size': 128, 'C': 5.0}} timing={'decode': 2.356, 'ocr_tail': 0.065, 'ocr': 2.481}
  [hybrid] run2: 1.931s segs=860 meta={'backend': 'decord/hybrid', 'ocr_backend': 'tensorrt', 'codec': 'hevc', 'n_segments': 860, 'engine_version': '0.11.0', 'color_range': 0, 'rep_crop_format': 'yuv', 'degraded_reason': None, 'params': {'roi': (841, 994, 949, 1026), 'frame_start': 0, 'frame_end': 3000, 'decode_backend': 'hybrid', 'ocr_backend': 'auto', 'sample_stride': 1, 'fill_width': 224, 'force_aspect': 0.0, 'rep_crop_format': 'yuv', 'keep_crops': True, 'keep_frames': True, 'merge_similar': True, 'merge_similar_threshold': 3.0, 'merge_text_sep': 'binary', 'buffer_size': 128, 'C': 5.0}} timing={'decode': 1.747, 'ocr_tail': 0.057, 'ocr': 1.855}
  [hybrid] 中位墙钟=2.292s min=1.931s segs=[860, 860] 唯一文本=353
=== test gpu nvdec (fork dll) ===
视频=D:/Videos/racelog_test/test.mp4 ROI=(841, 994, 949, 1026) frames=3000 backends=['nvdec'] runs=2 envs={'GPU_PIPELINE': '1'}
  [nvdec] run1: 1.950s segs=906 meta={'backend': 'decord/GPU', 'ocr_backend': 'tensorrt', 'codec': 'hevc', 'n_segments': 906, 'engine_version': '0.11.0', 'color_range': 0, 'rep_crop_format': 'yuv', 'degraded_reason': None, 'params': {'roi': (841, 994, 949, 1026), 'frame_start': 0, 'frame_end': 3000, 'decode_backend': 'nvdec', 'ocr_backend': 'auto', 'sample_stride': 1, 'fill_width': 224, 'force_aspect': 0.0, 'rep_crop_format': 'yuv', 'keep_crops': True, 'keep_frames': True, 'merge_similar': True, 'merge_similar_threshold': 3.0, 'merge_text_sep': 'binary', 'buffer_size': 128, 'C': 5.0}} timing={'decode': 1.395, 'ocr_tail': 0.043, 'ocr': 1.79}
  [nvdec] run2: 1.450s segs=906 meta={'backend': 'decord/GPU', 'ocr_backend': 'tensorrt', 'codec': 'hevc', 'n_segments': 906, 'engine_version': '0.11.0', 'color_range': 0, 'rep_crop_format': 'yuv', 'degraded_reason': None, 'params': {'roi': (841, 994, 949, 1026), 'frame_start': 0, 'frame_end': 3000, 'decode_backend': 'nvdec', 'ocr_backend': 'auto', 'sample_stride': 1, 'fill_width': 224, 'force_aspect': 0.0, 'rep_crop_format': 'yuv', 'keep_crops': True, 'keep_frames': True, 'merge_similar': True, 'merge_similar_threshold': 3.0, 'merge_text_sep': 'binary', 'buffer_size': 128, 'C': 5.0}} timing={'decode': 1.339, 'ocr_tail': 0.049, 'ocr': 1.432}
  [nvdec] 中位墙钟=1.700s min=1.450s segs=[906, 906] 唯一文本=371
=== test host nvdec (fork dll) ===
视频=D:/Videos/racelog_test/test.mp4 ROI=(841, 994, 949, 1026) frames=3000 backends=['nvdec'] runs=2 envs={'GPU_PIPELINE': '0'}
  [nvdec] run1: 1.837s segs=860 meta={'backend': 'decord/GPU', 'ocr_backend': 'tensorrt', 'codec': 'hevc', 'n_segments': 860, 'engine_version': '0.11.0', 'color_range': 0, 'rep_crop_format': 'yuv', 'degraded_reason': None, 'params': {'roi': (841, 994, 949, 1026), 'frame_start': 0, 'frame_end': 3000, 'decode_backend': 'nvdec', 'ocr_backend': 'auto', 'sample_stride': 1, 'fill_width': 224, 'force_aspect': 0.0, 'rep_crop_format': 'yuv', 'keep_crops': True, 'keep_frames': True, 'merge_similar': True, 'merge_similar_threshold': 3.0, 'merge_text_sep': 'binary', 'buffer_size': 128, 'C': 5.0}} timing={'decode': 1.6, 'ocr_tail': 0.075, 'ocr': 1.723}
  [nvdec] run2: 1.454s segs=860 meta={'backend': 'decord/GPU', 'ocr_backend': 'tensorrt', 'codec': 'hevc', 'n_segments': 860, 'engine_version': '0.11.0', 'color_range': 0, 'rep_crop_format': 'yuv', 'degraded_reason': None, 'params': {'roi': (841, 994, 949, 1026), 'frame_start': 0, 'frame_end': 3000, 'decode_backend': 'nvdec', 'ocr_backend': 'auto', 'sample_stride': 1, 'fill_width': 224, 'force_aspect': 0.0, 'rep_crop_format': 'yuv', 'keep_crops': True, 'keep_frames': True, 'merge_similar': True, 'merge_similar_threshold': 3.0, 'merge_text_sep': 'binary', 'buffer_size': 128, 'C': 5.0}} timing={'decode': 1.338, 'ocr_tail': 0.052, 'ocr': 1.437}
  [nvdec] 中位墙钟=1.645s min=1.454s segs=[860, 860] 唯一文本=353
=== test6 gpu hybrid (fork dll) ===
D:\Repo\video_ocr_engine\video_ocr_engine\extractor.py:552: UserWarning: hybrid decoding contexts (decord.hybrid / decord.hybrid_gpu) are EXPERIMENTAL: scheduling, performance and memory bounds may change between releases without notice. Prefer decord.gpu() (NVDEC) or decord.cpu() for production use.
  return VideoReader(str(self._video_path), ctx=ctx, output_format=fmt, **nt_kw, **roi_kw)
视频=D:/Videos/racelog_test/test6.mp4 ROI=(841, 994, 949, 1026) frames=3000 backends=['hybrid'] runs=2 envs={'GPU_PIPELINE': '1'}
  [hybrid] run1: 2.319s segs=1109 meta={'backend': 'decord/hybrid', 'ocr_backend': 'tensorrt', 'codec': 'av1', 'n_segments': 1109, 'engine_version': '0.11.0', 'color_range': 0, 'rep_crop_format': 'yuv', 'degraded_reason': None, 'params': {'roi': (841, 994, 949, 1026), 'frame_start': 0, 'frame_end': 3000, 'decode_backend': 'hybrid', 'ocr_backend': 'auto', 'sample_stride': 1, 'fill_width': 224, 'force_aspect': 0.0, 'rep_crop_format': 'yuv', 'keep_crops': True, 'keep_frames': True, 'merge_similar': True, 'merge_similar_threshold': 3.0, 'merge_text_sep': 'binary', 'buffer_size': 128, 'C': 5.0}} timing={'decode': 1.593, 'ocr_tail': 0.066, 'ocr': 2.024}
  [hybrid] run2: 1.911s segs=1109 meta={'backend': 'decord/hybrid', 'ocr_backend': 'tensorrt', 'codec': 'av1', 'n_segments': 1109, 'engine_version': '0.11.0', 'color_range': 0, 'rep_crop_format': 'yuv', 'degraded_reason': None, 'params': {'roi': (841, 994, 949, 1026), 'frame_start': 0, 'frame_end': 3000, 'decode_backend': 'hybrid', 'ocr_backend': 'auto', 'sample_stride': 1, 'fill_width': 224, 'force_aspect': 0.0, 'rep_crop_format': 'yuv', 'keep_crops': True, 'keep_frames': True, 'merge_similar': True, 'merge_similar_threshold': 3.0, 'merge_text_sep': 'binary', 'buffer_size': 128, 'C': 5.0}} timing={'decode': 1.543, 'ocr_tail': 0.186, 'ocr': 1.79}
  [hybrid] 中位墙钟=2.115s min=1.911s segs=[1109, 1109] 唯一文本=240
=== test6 host hybrid (fork dll) ===
D:\Repo\video_ocr_engine\video_ocr_engine\extractor.py:552: UserWarning: hybrid decoding contexts (decord.hybrid / decord.hybrid_gpu) are EXPERIMENTAL: scheduling, performance and memory bounds may change between releases without notice. Prefer decord.gpu() (NVDEC) or decord.cpu() for production use.
  return VideoReader(str(self._video_path), ctx=ctx, output_format=fmt, **nt_kw, **roi_kw)
视频=D:/Videos/racelog_test/test6.mp4 ROI=(841, 994, 949, 1026) frames=3000 backends=['hybrid'] runs=2 envs={'GPU_PIPELINE': '0'}
  [hybrid] run1: 2.536s segs=1066 meta={'backend': 'decord/hybrid', 'ocr_backend': 'tensorrt', 'codec': 'av1', 'n_segments': 1066, 'engine_version': '0.11.0', 'color_range': 0, 'rep_crop_format': 'yuv', 'degraded_reason': None, 'params': {'roi': (841, 994, 949, 1026), 'frame_start': 0, 'frame_end': 3000, 'decode_backend': 'hybrid', 'ocr_backend': 'auto', 'sample_stride': 1, 'fill_width': 224, 'force_aspect': 0.0, 'rep_crop_format': 'yuv', 'keep_crops': True, 'keep_frames': True, 'merge_similar': True, 'merge_similar_threshold': 3.0, 'merge_text_sep': 'binary', 'buffer_size': 128, 'C': 5.0}} timing={'decode': 2.22, 'ocr_tail': 0.05, 'ocr': 2.342}
  [hybrid] run2: 1.872s segs=1066 meta={'backend': 'decord/hybrid', 'ocr_backend': 'tensorrt', 'codec': 'av1', 'n_segments': 1066, 'engine_version': '0.11.0', 'color_range': 0, 'rep_crop_format': 'yuv', 'degraded_reason': None, 'params': {'roi': (841, 994, 949, 1026), 'frame_start': 0, 'frame_end': 3000, 'decode_backend': 'hybrid', 'ocr_backend': 'auto', 'sample_stride': 1, 'fill_width': 224, 'force_aspect': 0.0, 'rep_crop_format': 'yuv', 'keep_crops': True, 'keep_frames': True, 'merge_similar': True, 'merge_similar_threshold': 3.0, 'merge_text_sep': 'binary', 'buffer_size': 128, 'C': 5.0}} timing={'decode': 1.592, 'ocr_tail': 0.071, 'ocr': 1.748}
  [hybrid] 中位墙钟=2.204s min=1.872s segs=[1066, 1066] 唯一文本=235
=== test6 gpu nvdec (fork dll) ===
视频=D:/Videos/racelog_test/test6.mp4 ROI=(841, 994, 949, 1026) frames=3000 backends=['nvdec'] runs=2 envs={'GPU_PIPELINE': '1'}
  [nvdec] run1: 2.329s segs=1109 meta={'backend': 'decord/GPU', 'ocr_backend': 'tensorrt', 'codec': 'av1', 'n_segments': 1109, 'engine_version': '0.11.0', 'color_range': 0, 'rep_crop_format': 'yuv', 'degraded_reason': None, 'params': {'roi': (841, 994, 949, 1026), 'frame_start': 0, 'frame_end': 3000, 'decode_backend': 'nvdec', 'ocr_backend': 'auto', 'sample_stride': 1, 'fill_width': 224, 'force_aspect': 0.0, 'rep_crop_format': 'yuv', 'keep_crops': True, 'keep_frames': True, 'merge_similar': True, 'merge_similar_threshold': 3.0, 'merge_text_sep': 'binary', 'buffer_size': 128, 'C': 5.0}} timing={'decode': 1.723, 'ocr_tail': 0.05, 'ocr': 2.159}
  [nvdec] run2: 1.810s segs=1109 meta={'backend': 'decord/GPU', 'ocr_backend': 'tensorrt', 'codec': 'av1', 'n_segments': 1109, 'engine_version': '0.11.0', 'color_range': 0, 'rep_crop_format': 'yuv', 'degraded_reason': None, 'params': {'roi': (841, 994, 949, 1026), 'frame_start': 0, 'frame_end': 3000, 'decode_backend': 'nvdec', 'ocr_backend': 'auto', 'sample_stride': 1, 'fill_width': 224, 'force_aspect': 0.0, 'rep_crop_format': 'yuv', 'keep_crops': True, 'keep_frames': True, 'merge_similar': True, 'merge_similar_threshold': 3.0, 'merge_text_sep': 'binary', 'buffer_size': 128, 'C': 5.0}} timing={'decode': 1.679, 'ocr_tail': 0.045, 'ocr': 1.781}
  [nvdec] 中位墙钟=2.069s min=1.810s segs=[1109, 1109] 唯一文本=240
=== test6 host nvdec (fork dll) ===
视频=D:/Videos/racelog_test/test6.mp4 ROI=(841, 994, 949, 1026) frames=3000 backends=['nvdec'] runs=2 envs={'GPU_PIPELINE': '0'}
  [nvdec] run1: 2.355s segs=1066 meta={'backend': 'decord/GPU', 'ocr_backend': 'tensorrt', 'codec': 'av1', 'n_segments': 1066, 'engine_version': '0.11.0', 'color_range': 0, 'rep_crop_format': 'yuv', 'degraded_reason': None, 'params': {'roi': (841, 994, 949, 1026), 'frame_start': 0, 'frame_end': 3000, 'decode_backend': 'nvdec', 'ocr_backend': 'auto', 'sample_stride': 1, 'fill_width': 224, 'force_aspect': 0.0, 'rep_crop_format': 'yuv', 'keep_crops': True, 'keep_frames': True, 'merge_similar': True, 'merge_similar_threshold': 3.0, 'merge_text_sep': 'binary', 'buffer_size': 128, 'C': 5.0}} timing={'decode': 2.134, 'ocr_tail': 0.035, 'ocr': 2.227}
  [nvdec] run2: 1.797s segs=1066 meta={'backend': 'decord/GPU', 'ocr_backend': 'tensorrt', 'codec': 'av1', 'n_segments': 1066, 'engine_version': '0.11.0', 'color_range': 0, 'rep_crop_format': 'yuv', 'degraded_reason': None, 'params': {'roi': (841, 994, 949, 1026), 'frame_start': 0, 'frame_end': 3000, 'decode_backend': 'nvdec', 'ocr_backend': 'auto', 'sample_stride': 1, 'fill_width': 224, 'force_aspect': 0.0, 'rep_crop_format': 'yuv', 'keep_crops': True, 'keep_frames': True, 'merge_similar': True, 'merge_similar_threshold': 3.0, 'merge_text_sep': 'binary', 'buffer_size': 128, 'C': 5.0}} timing={'decode': 1.669, 'ocr_tail': 0.036, 'ocr': 1.769}
  [nvdec] 中位墙钟=2.076s min=1.797s segs=[1066, 1066] 唯一文本=235
