=== test5 gpu nvdec (pip wheel) ===
视频=D:/Videos/racelog_test/test5.mp4 ROI=(843, 993, 948, 1025) frames=3000 backends=['nvdec'] runs=2 envs={'GPU_PIPELINE': '1'}
  [nvdec] run1: 3.635s segs=1083 meta={'backend': 'decord/GPU', 'ocr_backend': 'tensorrt', 'codec': 'h264', 'n_segments': 1083, 'engine_version': '0.11.0', 'color_range': 0, 'rep_crop_format': 'yuv', 'degraded_reason': None, 'params': {'roi': (843, 993, 948, 1025), 'frame_start': 0, 'frame_end': 3000, 'decode_backend': 'nvdec', 'ocr_backend': 'auto', 'sample_stride': 1, 'fill_width': 224, 'force_aspect': 0.0, 'rep_crop_format': 'yuv', 'keep_crops': True, 'keep_frames': True, 'merge_similar': True, 'merge_similar_threshold': 3.0, 'merge_text_sep': 'binary', 'buffer_size': 128, 'C': 5.0}} timing={'decode': 2.994, 'ocr_tail': 0.036, 'ocr': 3.447}
  [nvdec] run2: 3.107s segs=1083 meta={'backend': 'decord/GPU', 'ocr_backend': 'tensorrt', 'codec': 'h264', 'n_segments': 1083, 'engine_version': '0.11.0', 'color_range': 0, 'rep_crop_format': 'yuv', 'degraded_reason': None, 'params': {'roi': (843, 993, 948, 1025), 'frame_start': 0, 'frame_end': 3000, 'decode_backend': 'nvdec', 'ocr_backend': 'auto', 'sample_stride': 1, 'fill_width': 224, 'force_aspect': 0.0, 'rep_crop_format': 'yuv', 'keep_crops': True, 'keep_frames': True, 'merge_similar': True, 'merge_similar_threshold': 3.0, 'merge_text_sep': 'binary', 'buffer_size': 128, 'C': 5.0}} timing={'decode': 2.954, 'ocr_tail': 0.035, 'ocr': 3.069}
  [nvdec] 中位墙钟=3.371s min=3.107s segs=[1083, 1083] 唯一文本=265
=== test5 host nvdec (pip wheel) ===
视频=D:/Videos/racelog_test/test5.mp4 ROI=(843, 993, 948, 1025) frames=3000 backends=['nvdec'] runs=2 envs={'GPU_PIPELINE': '0'}
  [nvdec] run1: 3.270s segs=1042 meta={'backend': 'decord/GPU', 'ocr_backend': 'tensorrt', 'codec': 'h264', 'n_segments': 1042, 'engine_version': '0.11.0', 'color_range': 0, 'rep_crop_format': 'yuv', 'degraded_reason': None, 'params': {'roi': (843, 993, 948, 1025), 'frame_start': 0, 'frame_end': 3000, 'decode_backend': 'nvdec', 'ocr_backend': 'auto', 'sample_stride': 1, 'fill_width': 224, 'force_aspect': 0.0, 'rep_crop_format': 'yuv', 'keep_crops': True, 'keep_frames': True, 'merge_similar': True, 'merge_similar_threshold': 3.0, 'merge_text_sep': 'binary', 'buffer_size': 128, 'C': 5.0}} timing={'decode': 3.006, 'ocr_tail': 0.03, 'ocr': 3.147}
  [nvdec] run2: 3.104s segs=1042 meta={'backend': 'decord/GPU', 'ocr_backend': 'tensorrt', 'codec': 'h264', 'n_segments': 1042, 'engine_version': '0.11.0', 'color_range': 0, 'rep_crop_format': 'yuv', 'degraded_reason': None, 'params': {'roi': (843, 993, 948, 1025), 'frame_start': 0, 'frame_end': 3000, 'decode_backend': 'nvdec', 'ocr_backend': 'auto', 'sample_stride': 1, 'fill_width': 224, 'force_aspect': 0.0, 'rep_crop_format': 'yuv', 'keep_crops': True, 'keep_frames': True, 'merge_similar': True, 'merge_similar_threshold': 3.0, 'merge_text_sep': 'binary', 'buffer_size': 128, 'C': 5.0}} timing={'decode': 2.952, 'ocr_tail': 0.034, 'ocr': 3.07}
  [nvdec] 中位墙钟=3.187s min=3.104s segs=[1042, 1042] 唯一文本=263
=== test5 gpu cpu (pip wheel) ===
视频=D:/Videos/racelog_test/test5.mp4 ROI=(843, 993, 948, 1025) frames=3000 backends=['cpu'] runs=2 envs={'GPU_PIPELINE': '1'}
  [cpu] run1: 1.665s segs=1083 meta={'backend': 'decord/CPU', 'ocr_backend': 'tensorrt', 'codec': 'h264', 'n_segments': 1083, 'engine_version': '0.11.0', 'color_range': 0, 'rep_crop_format': 'yuv', 'degraded_reason': None, 'params': {'roi': (843, 993, 948, 1025), 'frame_start': 0, 'frame_end': 3000, 'decode_backend': 'cpu', 'ocr_backend': 'auto', 'sample_stride': 1, 'fill_width': 224, 'force_aspect': 0.0, 'rep_crop_format': 'yuv', 'keep_crops': True, 'keep_frames': True, 'merge_similar': True, 'merge_similar_threshold': 3.0, 'merge_text_sep': 'binary', 'buffer_size': 128, 'C': 5.0}} timing={'decode': 0.986, 'ocr_tail': 0.118, 'ocr': 1.53}
  [cpu] run2: 1.146s segs=1083 meta={'backend': 'decord/CPU', 'ocr_backend': 'tensorrt', 'codec': 'h264', 'n_segments': 1083, 'engine_version': '0.11.0', 'color_range': 0, 'rep_crop_format': 'yuv', 'degraded_reason': None, 'params': {'roi': (843, 993, 948, 1025), 'frame_start': 0, 'frame_end': 3000, 'decode_backend': 'cpu', 'ocr_backend': 'auto', 'sample_stride': 1, 'fill_width': 224, 'force_aspect': 0.0, 'rep_crop_format': 'yuv', 'keep_crops': True, 'keep_frames': True, 'merge_similar': True, 'merge_similar_threshold': 3.0, 'merge_text_sep': 'binary', 'buffer_size': 128, 'C': 5.0}} timing={'decode': 0.912, 'ocr_tail': 0.086, 'ocr': 1.064}
  [cpu] 中位墙钟=1.406s min=1.146s segs=[1083, 1083] 唯一文本=265
=== test5 host cpu (pip wheel) ===
视频=D:/Videos/racelog_test/test5.mp4 ROI=(843, 993, 948, 1025) frames=3000 backends=['cpu'] runs=2 envs={'GPU_PIPELINE': '0'}
  [cpu] run1: 2.003s segs=1042 meta={'backend': 'decord/CPU', 'ocr_backend': 'tensorrt', 'codec': 'h264', 'n_segments': 1042, 'engine_version': '0.11.0', 'color_range': 0, 'rep_crop_format': 'yuv', 'degraded_reason': None, 'params': {'roi': (843, 993, 948, 1025), 'frame_start': 0, 'frame_end': 3000, 'decode_backend': 'cpu', 'ocr_backend': 'auto', 'sample_stride': 1, 'fill_width': 224, 'force_aspect': 0.0, 'rep_crop_format': 'yuv', 'keep_crops': True, 'keep_frames': True, 'merge_similar': True, 'merge_similar_threshold': 3.0, 'merge_text_sep': 'binary', 'buffer_size': 128, 'C': 5.0}} timing={'decode': 1.747, 'ocr_tail': 0.109, 'ocr': 1.924}
  [cpu] run2: 1.267s segs=1042 meta={'backend': 'decord/CPU', 'ocr_backend': 'tensorrt', 'codec': 'h264', 'n_segments': 1042, 'engine_version': '0.11.0', 'color_range': 0, 'rep_crop_format': 'yuv', 'degraded_reason': None, 'params': {'roi': (843, 993, 948, 1025), 'frame_start': 0, 'frame_end': 3000, 'decode_backend': 'cpu', 'ocr_backend': 'auto', 'sample_stride': 1, 'fill_width': 224, 'force_aspect': 0.0, 'rep_crop_format': 'yuv', 'keep_crops': True, 'keep_frames': True, 'merge_similar': True, 'merge_similar_threshold': 3.0, 'merge_text_sep': 'binary', 'buffer_size': 128, 'C': 5.0}} timing={'decode': 1.022, 'ocr_tail': 0.107, 'ocr': 1.198}
  [cpu] 中位墙钟=1.635s min=1.267s segs=[1042, 1042] 唯一文本=263
=== test5 gpu hybrid (pip wheel) ===
D:\Repo\video_ocr_engine\video_ocr_engine\extractor.py:552: UserWarning: hybrid decoding contexts (decord.hybrid / decord.hybrid_gpu) are EXPERIMENTAL: scheduling, performance and memory bounds may change between releases without notice. Prefer decord.gpu() (NVDEC) or decord.cpu() for production use.
  return VideoReader(str(self._video_path), ctx=ctx, output_format=fmt, **nt_kw, **roi_kw)
视频=D:/Videos/racelog_test/test5.mp4 ROI=(843, 993, 948, 1025) frames=3000 backends=['hybrid'] runs=2 envs={'GPU_PIPELINE': '1'}
  [hybrid] run1: 2.235s segs=1083 meta={'backend': 'decord/hybrid', 'ocr_backend': 'tensorrt', 'codec': 'h264', 'n_segments': 1083, 'engine_version': '0.11.0', 'color_range': 0, 'rep_crop_format': 'yuv', 'degraded_reason': None, 'params': {'roi': (843, 993, 948, 1025), 'frame_start': 0, 'frame_end': 3000, 'decode_backend': 'hybrid', 'ocr_backend': 'auto', 'sample_stride': 1, 'fill_width': 224, 'force_aspect': 0.0, 'rep_crop_format': 'yuv', 'keep_crops': True, 'keep_frames': True, 'merge_similar': True, 'merge_similar_threshold': 3.0, 'merge_text_sep': 'binary', 'buffer_size': 128, 'C': 5.0}} timing={'decode': 1.438, 'ocr_tail': 0.164, 'ocr': 1.975}
  [hybrid] run2: 1.842s segs=1083 meta={'backend': 'decord/hybrid', 'ocr_backend': 'tensorrt', 'codec': 'h264', 'n_segments': 1083, 'engine_version': '0.11.0', 'color_range': 0, 'rep_crop_format': 'yuv', 'degraded_reason': None, 'params': {'roi': (843, 993, 948, 1025), 'frame_start': 0, 'frame_end': 3000, 'decode_backend': 'hybrid', 'ocr_backend': 'auto', 'sample_stride': 1, 'fill_width': 224, 'force_aspect': 0.0, 'rep_crop_format': 'yuv', 'keep_crops': True, 'keep_frames': True, 'merge_similar': True, 'merge_similar_threshold': 3.0, 'merge_text_sep': 'binary', 'buffer_size': 128, 'C': 5.0}} timing={'decode': 1.504, 'ocr_tail': 0.128, 'ocr': 1.718}
  [hybrid] 中位墙钟=2.039s min=1.842s segs=[1083, 1083] 唯一文本=265
=== test5 host hybrid (pip wheel) ===
D:\Repo\video_ocr_engine\video_ocr_engine\extractor.py:552: UserWarning: hybrid decoding contexts (decord.hybrid / decord.hybrid_gpu) are EXPERIMENTAL: scheduling, performance and memory bounds may change between releases without notice. Prefer decord.gpu() (NVDEC) or decord.cpu() for production use.
  return VideoReader(str(self._video_path), ctx=ctx, output_format=fmt, **nt_kw, **roi_kw)
视频=D:/Videos/racelog_test/test5.mp4 ROI=(843, 993, 948, 1025) frames=3000 backends=['hybrid'] runs=2 envs={'GPU_PIPELINE': '0'}
  [hybrid] run1: 2.337s segs=1042 meta={'backend': 'decord/hybrid', 'ocr_backend': 'tensorrt', 'codec': 'h264', 'n_segments': 1042, 'engine_version': '0.11.0', 'color_range': 0, 'rep_crop_format': 'yuv', 'degraded_reason': None, 'params': {'roi': (843, 993, 948, 1025), 'frame_start': 0, 'frame_end': 3000, 'decode_backend': 'hybrid', 'ocr_backend': 'auto', 'sample_stride': 1, 'fill_width': 224, 'force_aspect': 0.0, 'rep_crop_format': 'yuv', 'keep_crops': True, 'keep_frames': True, 'merge_similar': True, 'merge_similar_threshold': 3.0, 'merge_text_sep': 'binary', 'buffer_size': 128, 'C': 5.0}} timing={'decode': 1.975, 'ocr_tail': 0.059, 'ocr': 2.147}
  [hybrid] run2: 1.812s segs=1042 meta={'backend': 'decord/hybrid', 'ocr_backend': 'tensorrt', 'codec': 'h264', 'n_segments': 1042, 'engine_version': '0.11.0', 'color_range': 0, 'rep_crop_format': 'yuv', 'degraded_reason': None, 'params': {'roi': (843, 993, 948, 1025), 'frame_start': 0, 'frame_end': 3000, 'decode_backend': 'hybrid', 'ocr_backend': 'auto', 'sample_stride': 1, 'fill_width': 224, 'force_aspect': 0.0, 'rep_crop_format': 'yuv', 'keep_crops': True, 'keep_frames': True, 'merge_similar': True, 'merge_similar_threshold': 3.0, 'merge_text_sep': 'binary', 'buffer_size': 128, 'C': 5.0}} timing={'decode': 1.532, 'ocr_tail': 0.067, 'ocr': 1.69}
  [hybrid] 中位墙钟=2.075s min=1.812s segs=[1042, 1042] 唯一文本=263
=== test gpu nvdec (pip wheel) ===
视频=D:/Videos/racelog_test/test.mp4 ROI=(841, 994, 949, 1026) frames=3000 backends=['nvdec'] runs=2 envs={'GPU_PIPELINE': '1'}
  [nvdec] run1: 1.971s segs=906 meta={'backend': 'decord/GPU', 'ocr_backend': 'tensorrt', 'codec': 'hevc', 'n_segments': 906, 'engine_version': '0.11.0', 'color_range': 0, 'rep_crop_format': 'yuv', 'degraded_reason': None, 'params': {'roi': (841, 994, 949, 1026), 'frame_start': 0, 'frame_end': 3000, 'decode_backend': 'nvdec', 'ocr_backend': 'auto', 'sample_stride': 1, 'fill_width': 224, 'force_aspect': 0.0, 'rep_crop_format': 'yuv', 'keep_crops': True, 'keep_frames': True, 'merge_similar': True, 'merge_similar_threshold': 3.0, 'merge_text_sep': 'binary', 'buffer_size': 128, 'C': 5.0}} timing={'decode': 1.386, 'ocr_tail': 0.042, 'ocr': 1.763}
  [nvdec] run2: 1.441s segs=906 meta={'backend': 'decord/GPU', 'ocr_backend': 'tensorrt', 'codec': 'hevc', 'n_segments': 906, 'engine_version': '0.11.0', 'color_range': 0, 'rep_crop_format': 'yuv', 'degraded_reason': None, 'params': {'roi': (841, 994, 949, 1026), 'frame_start': 0, 'frame_end': 3000, 'decode_backend': 'nvdec', 'ocr_backend': 'auto', 'sample_stride': 1, 'fill_width': 224, 'force_aspect': 0.0, 'rep_crop_format': 'yuv', 'keep_crops': True, 'keep_frames': True, 'merge_similar': True, 'merge_similar_threshold': 3.0, 'merge_text_sep': 'binary', 'buffer_size': 128, 'C': 5.0}} timing={'decode': 1.34, 'ocr_tail': 0.042, 'ocr': 1.423}
  [nvdec] 中位墙钟=1.706s min=1.441s segs=[906, 906] 唯一文本=371
=== test host nvdec (pip wheel) ===
视频=D:/Videos/racelog_test/test.mp4 ROI=(841, 994, 949, 1026) frames=3000 backends=['nvdec'] runs=2 envs={'GPU_PIPELINE': '0'}
  [nvdec] run1: 1.790s segs=860 meta={'backend': 'decord/GPU', 'ocr_backend': 'tensorrt', 'codec': 'hevc', 'n_segments': 860, 'engine_version': '0.11.0', 'color_range': 0, 'rep_crop_format': 'yuv', 'degraded_reason': None, 'params': {'roi': (841, 994, 949, 1026), 'frame_start': 0, 'frame_end': 3000, 'decode_backend': 'nvdec', 'ocr_backend': 'auto', 'sample_stride': 1, 'fill_width': 224, 'force_aspect': 0.0, 'rep_crop_format': 'yuv', 'keep_crops': True, 'keep_frames': True, 'merge_similar': True, 'merge_similar_threshold': 3.0, 'merge_text_sep': 'binary', 'buffer_size': 128, 'C': 5.0}} timing={'decode': 1.572, 'ocr_tail': 0.051, 'ocr': 1.673}
  [nvdec] run2: 1.448s segs=860 meta={'backend': 'decord/GPU', 'ocr_backend': 'tensorrt', 'codec': 'hevc', 'n_segments': 860, 'engine_version': '0.11.0', 'color_range': 0, 'rep_crop_format': 'yuv', 'degraded_reason': None, 'params': {'roi': (841, 994, 949, 1026), 'frame_start': 0, 'frame_end': 3000, 'decode_backend': 'nvdec', 'ocr_backend': 'auto', 'sample_stride': 1, 'fill_width': 224, 'force_aspect': 0.0, 'rep_crop_format': 'yuv', 'keep_crops': True, 'keep_frames': True, 'merge_similar': True, 'merge_similar_threshold': 3.0, 'merge_text_sep': 'binary', 'buffer_size': 128, 'C': 5.0}} timing={'decode': 1.326, 'ocr_tail': 0.057, 'ocr': 1.43}
  [nvdec] 中位墙钟=1.619s min=1.448s segs=[860, 860] 唯一文本=353
=== test gpu cpu (pip wheel) ===
视频=D:/Videos/racelog_test/test.mp4 ROI=(841, 994, 949, 1026) frames=3000 backends=['cpu'] runs=2 envs={'GPU_PIPELINE': '1'}
  [cpu] run1: 2.437s segs=906 meta={'backend': 'decord/CPU', 'ocr_backend': 'tensorrt', 'codec': 'hevc', 'n_segments': 906, 'engine_version': '0.11.0', 'color_range': 0, 'rep_crop_format': 'yuv', 'degraded_reason': None, 'params': {'roi': (841, 994, 949, 1026), 'frame_start': 0, 'frame_end': 3000, 'decode_backend': 'cpu', 'ocr_backend': 'auto', 'sample_stride': 1, 'fill_width': 224, 'force_aspect': 0.0, 'rep_crop_format': 'yuv', 'keep_crops': True, 'keep_frames': True, 'merge_similar': True, 'merge_similar_threshold': 3.0, 'merge_text_sep': 'binary', 'buffer_size': 128, 'C': 5.0}} timing={'decode': 1.869, 'ocr_tail': 0.049, 'ocr': 2.345}
  [cpu] run2: 2.200s segs=906 meta={'backend': 'decord/CPU', 'ocr_backend': 'tensorrt', 'codec': 'hevc', 'n_segments': 906, 'engine_version': '0.11.0', 'color_range': 0, 'rep_crop_format': 'yuv', 'degraded_reason': None, 'params': {'roi': (841, 994, 949, 1026), 'frame_start': 0, 'frame_end': 3000, 'decode_backend': 'cpu', 'ocr_backend': 'auto', 'sample_stride': 1, 'fill_width': 224, 'force_aspect': 0.0, 'rep_crop_format': 'yuv', 'keep_crops': True, 'keep_frames': True, 'merge_similar': True, 'merge_similar_threshold': 3.0, 'merge_text_sep': 'binary', 'buffer_size': 128, 'C': 5.0}} timing={'decode': 2.04, 'ocr_tail': 0.05, 'ocr': 2.156}
  [cpu] 中位墙钟=2.319s min=2.200s segs=[906, 906] 唯一文本=371
=== test host cpu (pip wheel) ===
视频=D:/Videos/racelog_test/test.mp4 ROI=(841, 994, 949, 1026) frames=3000 backends=['cpu'] runs=2 envs={'GPU_PIPELINE': '0'}
  [cpu] run1: 2.402s segs=860 meta={'backend': 'decord/CPU', 'ocr_backend': 'tensorrt', 'codec': 'hevc', 'n_segments': 860, 'engine_version': '0.11.0', 'color_range': 0, 'rep_crop_format': 'yuv', 'degraded_reason': None, 'params': {'roi': (841, 994, 949, 1026), 'frame_start': 0, 'frame_end': 3000, 'decode_backend': 'cpu', 'ocr_backend': 'auto', 'sample_stride': 1, 'fill_width': 224, 'force_aspect': 0.0, 'rep_crop_format': 'yuv', 'keep_crops': True, 'keep_frames': True, 'merge_similar': True, 'merge_similar_threshold': 3.0, 'merge_text_sep': 'binary', 'buffer_size': 128, 'C': 5.0}} timing={'decode': 2.221, 'ocr_tail': 0.067, 'ocr': 2.35}
  [cpu] run2: 2.186s segs=860 meta={'backend': 'decord/CPU', 'ocr_backend': 'tensorrt', 'codec': 'hevc', 'n_segments': 860, 'engine_version': '0.11.0', 'color_range': 0, 'rep_crop_format': 'yuv', 'degraded_reason': None, 'params': {'roi': (841, 994, 949, 1026), 'frame_start': 0, 'frame_end': 3000, 'decode_backend': 'cpu', 'ocr_backend': 'auto', 'sample_stride': 1, 'fill_width': 224, 'force_aspect': 0.0, 'rep_crop_format': 'yuv', 'keep_crops': True, 'keep_frames': True, 'merge_similar': True, 'merge_similar_threshold': 3.0, 'merge_text_sep': 'binary', 'buffer_size': 128, 'C': 5.0}} timing={'decode': 2.004, 'ocr_tail': 0.07, 'ocr': 2.14}
  [cpu] 中位墙钟=2.294s min=2.186s segs=[860, 860] 唯一文本=353
=== test gpu hybrid (pip wheel) ===
D:\Repo\video_ocr_engine\video_ocr_engine\extractor.py:552: UserWarning: hybrid decoding contexts (decord.hybrid / decord.hybrid_gpu) are EXPERIMENTAL: scheduling, performance and memory bounds may change between releases without notice. Prefer decord.gpu() (NVDEC) or decord.cpu() for production use.
  return VideoReader(str(self._video_path), ctx=ctx, output_format=fmt, **nt_kw, **roi_kw)
视频=D:/Videos/racelog_test/test.mp4 ROI=(841, 994, 949, 1026) frames=3000 backends=['hybrid'] runs=2 envs={'GPU_PIPELINE': '1'}
  [hybrid] run1: 2.965s segs=906 meta={'backend': 'decord/hybrid', 'ocr_backend': 'tensorrt', 'codec': 'hevc', 'n_segments': 906, 'engine_version': '0.11.0', 'color_range': 0, 'rep_crop_format': 'yuv', 'degraded_reason': None, 'params': {'roi': (841, 994, 949, 1026), 'frame_start': 0, 'frame_end': 3000, 'decode_backend': 'hybrid', 'ocr_backend': 'auto', 'sample_stride': 1, 'fill_width': 224, 'force_aspect': 0.0, 'rep_crop_format': 'yuv', 'keep_crops': True, 'keep_frames': True, 'merge_similar': True, 'merge_similar_threshold': 3.0, 'merge_text_sep': 'binary', 'buffer_size': 128, 'C': 5.0}} timing={'decode': 2.357, 'ocr_tail': 0.022, 'ocr': 2.725}
  [hybrid] run2: 1.832s segs=906 meta={'backend': 'decord/hybrid', 'ocr_backend': 'tensorrt', 'codec': 'hevc', 'n_segments': 906, 'engine_version': '0.11.0', 'color_range': 0, 'rep_crop_format': 'yuv', 'degraded_reason': None, 'params': {'roi': (841, 994, 949, 1026), 'frame_start': 0, 'frame_end': 3000, 'decode_backend': 'hybrid', 'ocr_backend': 'auto', 'sample_stride': 1, 'fill_width': 224, 'force_aspect': 0.0, 'rep_crop_format': 'yuv', 'keep_crops': True, 'keep_frames': True, 'merge_similar': True, 'merge_similar_threshold': 3.0, 'merge_text_sep': 'binary', 'buffer_size': 128, 'C': 5.0}} timing={'decode': 1.582, 'ocr_tail': 0.133, 'ocr': 1.76}
  [hybrid] 中位墙钟=2.399s min=1.832s segs=[906, 906] 唯一文本=371
=== test host hybrid (pip wheel) ===
D:\Repo\video_ocr_engine\video_ocr_engine\extractor.py:552: UserWarning: hybrid decoding contexts (decord.hybrid / decord.hybrid_gpu) are EXPERIMENTAL: scheduling, performance and memory bounds may change between releases without notice. Prefer decord.gpu() (NVDEC) or decord.cpu() for production use.
  return VideoReader(str(self._video_path), ctx=ctx, output_format=fmt, **nt_kw, **roi_kw)
视频=D:/Videos/racelog_test/test.mp4 ROI=(841, 994, 949, 1026) frames=3000 backends=['hybrid'] runs=2 envs={'GPU_PIPELINE': '0'}
  [hybrid] run1: 2.452s segs=860 meta={'backend': 'decord/hybrid', 'ocr_backend': 'tensorrt', 'codec': 'hevc', 'n_segments': 860, 'engine_version': '0.11.0', 'color_range': 0, 'rep_crop_format': 'yuv', 'degraded_reason': None, 'params': {'roi': (841, 994, 949, 1026), 'frame_start': 0, 'frame_end': 3000, 'decode_backend': 'hybrid', 'ocr_backend': 'auto', 'sample_stride': 1, 'fill_width': 224, 'force_aspect': 0.0, 'rep_crop_format': 'yuv', 'keep_crops': True, 'keep_frames': True, 'merge_similar': True, 'merge_similar_threshold': 3.0, 'merge_text_sep': 'binary', 'buffer_size': 128, 'C': 5.0}} timing={'decode': 2.161, 'ocr_tail': 0.029, 'ocr': 2.241}
  [hybrid] run2: 1.872s segs=860 meta={'backend': 'decord/hybrid', 'ocr_backend': 'tensorrt', 'codec': 'hevc', 'n_segments': 860, 'engine_version': '0.11.0', 'color_range': 0, 'rep_crop_format': 'yuv', 'degraded_reason': None, 'params': {'roi': (841, 994, 949, 1026), 'frame_start': 0, 'frame_end': 3000, 'decode_backend': 'hybrid', 'ocr_backend': 'auto', 'sample_stride': 1, 'fill_width': 224, 'force_aspect': 0.0, 'rep_crop_format': 'yuv', 'keep_crops': True, 'keep_frames': True, 'merge_similar': True, 'merge_similar_threshold': 3.0, 'merge_text_sep': 'binary', 'buffer_size': 128, 'C': 5.0}} timing={'decode': 1.701, 'ocr_tail': 0.06, 'ocr': 1.81}
  [hybrid] 中位墙钟=2.162s min=1.872s segs=[860, 860] 唯一文本=353
=== test6 gpu nvdec (pip wheel) ===
视频=D:/Videos/racelog_test/test6.mp4 ROI=(841, 994, 949, 1026) frames=3000 backends=['nvdec'] runs=2 envs={'GPU_PIPELINE': '1'}
  [nvdec] run1: 2.323s segs=1109 meta={'backend': 'decord/GPU', 'ocr_backend': 'tensorrt', 'codec': 'av1', 'n_segments': 1109, 'engine_version': '0.11.0', 'color_range': 0, 'rep_crop_format': 'yuv', 'degraded_reason': None, 'params': {'roi': (841, 994, 949, 1026), 'frame_start': 0, 'frame_end': 3000, 'decode_backend': 'nvdec', 'ocr_backend': 'auto', 'sample_stride': 1, 'fill_width': 224, 'force_aspect': 0.0, 'rep_crop_format': 'yuv', 'keep_crops': True, 'keep_frames': True, 'merge_similar': True, 'merge_similar_threshold': 3.0, 'merge_text_sep': 'binary', 'buffer_size': 128, 'C': 5.0}} timing={'decode': 1.737, 'ocr_tail': 0.048, 'ocr': 2.139}
  [nvdec] run2: 1.817s segs=1109 meta={'backend': 'decord/GPU', 'ocr_backend': 'tensorrt', 'codec': 'av1', 'n_segments': 1109, 'engine_version': '0.11.0', 'color_range': 0, 'rep_crop_format': 'yuv', 'degraded_reason': None, 'params': {'roi': (841, 994, 949, 1026), 'frame_start': 0, 'frame_end': 3000, 'decode_backend': 'nvdec', 'ocr_backend': 'auto', 'sample_stride': 1, 'fill_width': 224, 'force_aspect': 0.0, 'rep_crop_format': 'yuv', 'keep_crops': True, 'keep_frames': True, 'merge_similar': True, 'merge_similar_threshold': 3.0, 'merge_text_sep': 'binary', 'buffer_size': 128, 'C': 5.0}} timing={'decode': 1.681, 'ocr_tail': 0.052, 'ocr': 1.789}
  [nvdec] 中位墙钟=2.070s min=1.817s segs=[1109, 1109] 唯一文本=240
=== test6 host nvdec (pip wheel) ===
视频=D:/Videos/racelog_test/test6.mp4 ROI=(841, 994, 949, 1026) frames=3000 backends=['nvdec'] runs=2 envs={'GPU_PIPELINE': '0'}
  [nvdec] run1: 2.290s segs=1066 meta={'backend': 'decord/GPU', 'ocr_backend': 'tensorrt', 'codec': 'av1', 'n_segments': 1066, 'engine_version': '0.11.0', 'color_range': 0, 'rep_crop_format': 'yuv', 'degraded_reason': None, 'params': {'roi': (841, 994, 949, 1026), 'frame_start': 0, 'frame_end': 3000, 'decode_backend': 'nvdec', 'ocr_backend': 'auto', 'sample_stride': 1, 'fill_width': 224, 'force_aspect': 0.0, 'rep_crop_format': 'yuv', 'keep_crops': True, 'keep_frames': True, 'merge_similar': True, 'merge_similar_threshold': 3.0, 'merge_text_sep': 'binary', 'buffer_size': 128, 'C': 5.0}} timing={'decode': 2.073, 'ocr_tail': 0.034, 'ocr': 2.166}
  [nvdec] run2: 1.792s segs=1066 meta={'backend': 'decord/GPU', 'ocr_backend': 'tensorrt', 'codec': 'av1', 'n_segments': 1066, 'engine_version': '0.11.0', 'color_range': 0, 'rep_crop_format': 'yuv', 'degraded_reason': None, 'params': {'roi': (841, 994, 949, 1026), 'frame_start': 0, 'frame_end': 3000, 'decode_backend': 'nvdec', 'ocr_backend': 'auto', 'sample_stride': 1, 'fill_width': 224, 'force_aspect': 0.0, 'rep_crop_format': 'yuv', 'keep_crops': True, 'keep_frames': True, 'merge_similar': True, 'merge_similar_threshold': 3.0, 'merge_text_sep': 'binary', 'buffer_size': 128, 'C': 5.0}} timing={'decode': 1.667, 'ocr_tail': 0.037, 'ocr': 1.764}
  [nvdec] 中位墙钟=2.041s min=1.792s segs=[1066, 1066] 唯一文本=235
=== test6 gpu cpu (pip wheel) ===
视频=D:/Videos/racelog_test/test6.mp4 ROI=(841, 994, 949, 1026) frames=3000 backends=['cpu'] runs=2 envs={'GPU_PIPELINE': '1'}
  [cpu] run1: 3.248s segs=1109 meta={'backend': 'decord/CPU', 'ocr_backend': 'tensorrt', 'codec': 'av1', 'n_segments': 1109, 'engine_version': '0.11.0', 'color_range': 0, 'rep_crop_format': 'yuv', 'degraded_reason': None, 'params': {'roi': (841, 994, 949, 1026), 'frame_start': 0, 'frame_end': 3000, 'decode_backend': 'cpu', 'ocr_backend': 'auto', 'sample_stride': 1, 'fill_width': 224, 'force_aspect': 0.0, 'rep_crop_format': 'yuv', 'keep_crops': True, 'keep_frames': True, 'merge_similar': True, 'merge_similar_threshold': 3.0, 'merge_text_sep': 'binary', 'buffer_size': 128, 'C': 5.0}} timing={'decode': 2.593, 'ocr_tail': 0.064, 'ocr': 3.083}
  [cpu] run2: 2.944s segs=1109 meta={'backend': 'decord/CPU', 'ocr_backend': 'tensorrt', 'codec': 'av1', 'n_segments': 1109, 'engine_version': '0.11.0', 'color_range': 0, 'rep_crop_format': 'yuv', 'degraded_reason': None, 'params': {'roi': (841, 994, 949, 1026), 'frame_start': 0, 'frame_end': 3000, 'decode_backend': 'cpu', 'ocr_backend': 'auto', 'sample_stride': 1, 'fill_width': 224, 'force_aspect': 0.0, 'rep_crop_format': 'yuv', 'keep_crops': True, 'keep_frames': True, 'merge_similar': True, 'merge_similar_threshold': 3.0, 'merge_text_sep': 'binary', 'buffer_size': 128, 'C': 5.0}} timing={'decode': 2.69, 'ocr_tail': 0.055, 'ocr': 2.812}
  [cpu] 中位墙钟=3.096s min=2.944s segs=[1109, 1109] 唯一文本=240
=== test6 host cpu (pip wheel) ===
视频=D:/Videos/racelog_test/test6.mp4 ROI=(841, 994, 949, 1026) frames=3000 backends=['cpu'] runs=2 envs={'GPU_PIPELINE': '0'}
  [cpu] run1: 3.366s segs=1066 meta={'backend': 'decord/CPU', 'ocr_backend': 'tensorrt', 'codec': 'av1', 'n_segments': 1066, 'engine_version': '0.11.0', 'color_range': 0, 'rep_crop_format': 'yuv', 'degraded_reason': None, 'params': {'roi': (841, 994, 949, 1026), 'frame_start': 0, 'frame_end': 3000, 'decode_backend': 'cpu', 'ocr_backend': 'auto', 'sample_stride': 1, 'fill_width': 224, 'force_aspect': 0.0, 'rep_crop_format': 'yuv', 'keep_crops': True, 'keep_frames': True, 'merge_similar': True, 'merge_similar_threshold': 3.0, 'merge_text_sep': 'binary', 'buffer_size': 128, 'C': 5.0}} timing={'decode': 3.142, 'ocr_tail': 0.046, 'ocr': 3.25}
  [cpu] run2: 2.937s segs=1066 meta={'backend': 'decord/CPU', 'ocr_backend': 'tensorrt', 'codec': 'av1', 'n_segments': 1066, 'engine_version': '0.11.0', 'color_range': 0, 'rep_crop_format': 'yuv', 'degraded_reason': None, 'params': {'roi': (841, 994, 949, 1026), 'frame_start': 0, 'frame_end': 3000, 'decode_backend': 'cpu', 'ocr_backend': 'auto', 'sample_stride': 1, 'fill_width': 224, 'force_aspect': 0.0, 'rep_crop_format': 'yuv', 'keep_crops': True, 'keep_frames': True, 'merge_similar': True, 'merge_similar_threshold': 3.0, 'merge_text_sep': 'binary', 'buffer_size': 128, 'C': 5.0}} timing={'decode': 2.703, 'ocr_tail': 0.048, 'ocr': 2.819}
  [cpu] 中位墙钟=3.152s min=2.937s segs=[1066, 1066] 唯一文本=235
=== test6 gpu hybrid (pip wheel) ===
D:\Repo\video_ocr_engine\video_ocr_engine\extractor.py:552: UserWarning: hybrid decoding contexts (decord.hybrid / decord.hybrid_gpu) are EXPERIMENTAL: scheduling, performance and memory bounds may change between releases without notice. Prefer decord.gpu() (NVDEC) or decord.cpu() for production use.
  return VideoReader(str(self._video_path), ctx=ctx, output_format=fmt, **nt_kw, **roi_kw)
视频=D:/Videos/racelog_test/test6.mp4 ROI=(841, 994, 949, 1026) frames=3000 backends=['hybrid'] runs=2 envs={'GPU_PIPELINE': '1'}
  [hybrid] run1: 2.313s segs=1109 meta={'backend': 'decord/hybrid', 'ocr_backend': 'tensorrt', 'codec': 'av1', 'n_segments': 1109, 'engine_version': '0.11.0', 'color_range': 0, 'rep_crop_format': 'yuv', 'degraded_reason': None, 'params': {'roi': (841, 994, 949, 1026), 'frame_start': 0, 'frame_end': 3000, 'decode_backend': 'hybrid', 'ocr_backend': 'auto', 'sample_stride': 1, 'fill_width': 224, 'force_aspect': 0.0, 'rep_crop_format': 'yuv', 'keep_crops': True, 'keep_frames': True, 'merge_similar': True, 'merge_similar_threshold': 3.0, 'merge_text_sep': 'binary', 'buffer_size': 128, 'C': 5.0}} timing={'decode': 1.524, 'ocr_tail': 0.152, 'ocr': 2.046}
  [hybrid] run2: 1.895s segs=1109 meta={'backend': 'decord/hybrid', 'ocr_backend': 'tensorrt', 'codec': 'av1', 'n_segments': 1109, 'engine_version': '0.11.0', 'color_range': 0, 'rep_crop_format': 'yuv', 'degraded_reason': None, 'params': {'roi': (841, 994, 949, 1026), 'frame_start': 0, 'frame_end': 3000, 'decode_backend': 'hybrid', 'ocr_backend': 'auto', 'sample_stride': 1, 'fill_width': 224, 'force_aspect': 0.0, 'rep_crop_format': 'yuv', 'keep_crops': True, 'keep_frames': True, 'merge_similar': True, 'merge_similar_threshold': 3.0, 'merge_text_sep': 'binary', 'buffer_size': 128, 'C': 5.0}} timing={'decode': 1.619, 'ocr_tail': 0.131, 'ocr': 1.812}
  [hybrid] 中位墙钟=2.104s min=1.895s segs=[1109, 1109] 唯一文本=240
=== test6 host hybrid (pip wheel) ===
D:\Repo\video_ocr_engine\video_ocr_engine\extractor.py:552: UserWarning: hybrid decoding contexts (decord.hybrid / decord.hybrid_gpu) are EXPERIMENTAL: scheduling, performance and memory bounds may change between releases without notice. Prefer decord.gpu() (NVDEC) or decord.cpu() for production use.
  return VideoReader(str(self._video_path), ctx=ctx, output_format=fmt, **nt_kw, **roi_kw)
视频=D:/Videos/racelog_test/test6.mp4 ROI=(841, 994, 949, 1026) frames=3000 backends=['hybrid'] runs=2 envs={'GPU_PIPELINE': '0'}
  [hybrid] run1: 2.464s segs=1066 meta={'backend': 'decord/hybrid', 'ocr_backend': 'tensorrt', 'codec': 'av1', 'n_segments': 1066, 'engine_version': '0.11.0', 'color_range': 0, 'rep_crop_format': 'yuv', 'degraded_reason': None, 'params': {'roi': (841, 994, 949, 1026), 'frame_start': 0, 'frame_end': 3000, 'decode_backend': 'hybrid', 'ocr_backend': 'auto', 'sample_stride': 1, 'fill_width': 224, 'force_aspect': 0.0, 'rep_crop_format': 'yuv', 'keep_crops': True, 'keep_frames': True, 'merge_similar': True, 'merge_similar_threshold': 3.0, 'merge_text_sep': 'binary', 'buffer_size': 128, 'C': 5.0}} timing={'decode': 2.159, 'ocr_tail': 0.05, 'ocr': 2.285}
  [hybrid] run2: 1.875s segs=1066 meta={'backend': 'decord/hybrid', 'ocr_backend': 'tensorrt', 'codec': 'av1', 'n_segments': 1066, 'engine_version': '0.11.0', 'color_range': 0, 'rep_crop_format': 'yuv', 'degraded_reason': None, 'params': {'roi': (841, 994, 949, 1026), 'frame_start': 0, 'frame_end': 3000, 'decode_backend': 'hybrid', 'ocr_backend': 'auto', 'sample_stride': 1, 'fill_width': 224, 'force_aspect': 0.0, 'rep_crop_format': 'yuv', 'keep_crops': True, 'keep_frames': True, 'merge_similar': True, 'merge_similar_threshold': 3.0, 'merge_text_sep': 'binary', 'buffer_size': 128, 'C': 5.0}} timing={'decode': 1.652, 'ocr_tail': 0.067, 'ocr': 1.784}
  [hybrid] 中位墙钟=2.169s min=1.875s segs=[1066, 1066] 唯一文本=235
